var C = (function () {
    function C(x) {
    }
    return C;
})();
var D = (function () {
    function D(x) {
    }
    return D;
})();
